  Determining projects to restore...
  Restored /work/source/src/GhostShell.Core/GhostShell.Core.csproj (in 5.43 sec).
  Restored /work/source/src/GhostShell.App/GhostShell.App.csproj (in 5.44 sec).
  Restored /work/source/src/GhostShell.Application/GhostShell.Application.csproj (in 5.44 sec).
  Restored /work/source/src/GhostShell.Protocol/GhostShell.Protocol.csproj (in 5.44 sec).
  Restored /work/source/src/GhostShell.SessionHost/GhostShell.SessionHost.csproj (in 5.44 sec).
  Restored /work/source/src/GhostShell.Terminal/GhostShell.Terminal.csproj (in 6.28 sec).
  Restored /work/source/src/GhostShell.Files/GhostShell.Files.csproj (in 8.48 sec).
  Restored /work/source/src/GhostShell.Infrastructure/GhostShell.Infrastructure.csproj (in 8.48 sec).
  Restored /work/source/src/GhostShell.Desktop/GhostShell.Desktop.csproj (in 16.11 sec).
  GhostShell.Core -> /work/source/src/GhostShell.Core/bin/Release/net10.0/GhostShell.Core.dll
  GhostShell.Protocol -> /work/source/src/GhostShell.Protocol/bin/Release/net10.0/GhostShell.Protocol.dll
  GhostShell.Application -> /work/source/src/GhostShell.Application/bin/Release/net10.0/GhostShell.Application.dll
  GhostShell.SessionHost -> /work/source/src/GhostShell.SessionHost/bin/Release/net10.0/GhostShell.SessionHost.dll
  GhostShell.Terminal -> /work/source/src/GhostShell.Terminal/bin/Release/net10.0/GhostShell.Terminal.dll
  GhostShell.Infrastructure -> /work/source/src/GhostShell.Infrastructure/bin/Release/net10.0/GhostShell.Infrastructure.dll
  GhostShell.Files -> /work/source/src/GhostShell.Files/bin/Release/net10.0/GhostShell.Files.dll
  GhostShell.App -> /work/source/src/GhostShell.App/bin/Release/net10.0/GhostShell.App.dll
  GhostShell.Desktop -> /work/source/src/GhostShell.Desktop/bin/Release/net10.0/linux-arm64/GhostShell.dll
  GhostShell.Desktop -> /work/package/
